[0.034s] Invoking command in '/home/monica/ros2_ws/build/xolobot_control': /usr/bin/cmake --build /home/monica/ros2_ws/build/xolobot_control -- -j2 -l2
[0.132s] -- Found ament_cmake: 2.0.7 (/opt/ros/iron/share/ament_cmake/cmake)
[0.502s] -- Found rclcpp: 21.0.8 (/opt/ros/iron/share/rclcpp/cmake)
[0.596s] -- Found rosidl_generator_c: 4.0.1 (/opt/ros/iron/share/rosidl_generator_c/cmake)
[0.657s] -- Found rosidl_generator_cpp: 4.0.1 (/opt/ros/iron/share/rosidl_generator_cpp/cmake)
[0.719s] -- Using all available rosidl_typesupport_c: rosidl_typesupport_fastrtps_c;rosidl_typesupport_introspection_c
[0.778s] -- Using all available rosidl_typesupport_cpp: rosidl_typesupport_fastrtps_cpp;rosidl_typesupport_introspection_cpp
[1.623s] -- Found rmw_implementation_cmake: 7.1.0 (/opt/ros/iron/share/rmw_implementation_cmake/cmake)
[1.635s] -- Found rmw_fastrtps_cpp: 7.1.4 (/opt/ros/iron/share/rmw_fastrtps_cpp/cmake)
[2.174s] -- Using RMW implementation 'rmw_fastrtps_cpp' as default
[2.977s] -- Found controller_manager: 3.30.0 (/opt/ros/iron/share/controller_manager/cmake)
[7.548s] -- Found robot_state_publisher: 3.2.1 (/opt/ros/iron/share/robot_state_publisher/cmake)
[7.573s] -- Found eigen3_cmake_module: 0.2.2 (/opt/ros/iron/share/eigen3_cmake_module/cmake)
[7.576s] -- Ensuring Eigen3 include directory is part of orocos-kdl CMake target
[8.710s] -- Found yaml_cpp_vendor: 8.1.2 (/opt/ros/iron/share/yaml_cpp_vendor/cmake)
[8.995s] Error parsing '/home/monica/ros2_ws/src/xolobot_control/package.xml':
[9.228s] Traceback (most recent call last):
[9.229s]   File "/usr/lib/python3/dist-packages/catkin_pkg/package.py", line 610, in parse_package_string
[9.235s]     root = dom.parseString(data)
[9.235s]   File "/usr/lib/python3.10/xml/dom/minidom.py", line 2000, in parseString
[9.237s]     return expatbuilder.parseString(string)
[9.237s]   File "/usr/lib/python3.10/xml/dom/expatbuilder.py", line 925, in parseString
[9.241s]     return builder.parseString(string)
[9.243s]   File "/usr/lib/python3.10/xml/dom/expatbuilder.py", line 223, in parseString
[9.243s]     parser.Parse(string, True)
[9.246s] xml.parsers.expat.ExpatError: mismatched tag: line 14, column 27
[9.246s] 
[9.246s] During handling of the above exception, another exception occurred:
[9.247s] 
[9.247s] Traceback (most recent call last):
[9.247s]   File "/opt/ros/iron/share/ament_cmake_core/cmake/core/package_xml_2_cmake.py", line 150, in <module>
[9.249s]     main()
[9.250s]   File "/opt/ros/iron/share/ament_cmake_core/cmake/core/package_xml_2_cmake.py", line 53, in main
[9.250s]     raise e
[9.251s]   File "/opt/ros/iron/share/ament_cmake_core/cmake/core/package_xml_2_cmake.py", line 49, in main
[9.251s]     package = parse_package_string(
[9.251s]   File "/usr/lib/python3/dist-packages/catkin_pkg/package.py", line 612, in parse_package_string
[9.251s]     raise InvalidPackage('The manifest contains invalid XML:\n%s' % ex, filename)
[9.254s] catkin_pkg.package.InvalidPackage: Error(s) in package '/home/monica/ros2_ws/src/xolobot_control/package.xml':
[9.254s] The manifest contains invalid XML:
[9.254s] mismatched tag: line 14, column 27
[9.301s] [31mCMake Error at /opt/ros/iron/share/ament_cmake_core/cmake/core/ament_package_xml.cmake:95 (message):
[9.301s]   execute_process(/usr/bin/python3.10
[9.302s]   /opt/ros/iron/share/ament_cmake_core/cmake/core/package_xml_2_cmake.py
[9.302s]   /home/monica/ros2_ws/src/xolobot_control/package.xml
[9.302s]   /home/monica/ros2_ws/build/xolobot_control/ament_cmake_core/package.cmake)
[9.302s]   returned error code 1
[9.302s] Call Stack (most recent call first):
[9.303s]   /opt/ros/iron/share/ament_cmake_core/cmake/core/ament_package_xml.cmake:49 (_ament_package_xml)
[9.303s]   /opt/ros/iron/share/ament_cmake_core/cmake/core/ament_package.cmake:63 (ament_package_xml)
[9.303s]   CMakeLists.txt:19 (ament_package)
[9.303s] 
[9.304s] [0m
[9.304s] -- Configuring incomplete, errors occurred!
[9.304s] See also "/home/monica/ros2_ws/build/xolobot_control/CMakeFiles/CMakeOutput.log".
[9.352s] gmake: *** [Makefile:226: cmake_check_build_system] Error 1
[9.358s] Invoked command in '/home/monica/ros2_ws/build/xolobot_control' returned '2': /usr/bin/cmake --build /home/monica/ros2_ws/build/xolobot_control -- -j2 -l2
